Handmade Hero funciona!